// Jest Snapshot v1, https://goo.gl/fbAQLP

exports[`Pruebas en <GifItem /> Debe de hacer match con el snapshot 1`] = `
<div>
  <div
    class="card"
  >
    <img
      alt="Saitama"
      class="img-gif"
      src="Url"
    />
    <p
      class="mb-2 bg-transparent block font-sans text-xl font-semibold leading-snug tracking-normal text-blue-gray-900 antialiased"
    >
      Saitama
    </p>
  </div>
</div>
`;
